---
source: crates/models/src/source/scenarios/mod.rs
expression: tables
---
Tables {
    captures: [],
    collections: [
        Collection {
            scope: test://root#/collections/test,
            collection: test,
            schema: test://root?ptr=/collections/test/schema,
            key: ["/some-key"],
            store_endpoint: endpoint,
            store_patch_config: {},
        },
    ],
    derivations: [],
    endpoints: [],
    errors: [],
    fetches: [
        Fetch {
            resource: test://root,
        },
    ],
    imports: [
        Import {
            scope: test://root#/collections/test/schema,
            from_resource: test://root,
            to_resource: test://root?ptr=/collections/test/schema,
        },
    ],
    materializations: [],
    nodejs_dependencies: [],
    projections: [],
    resources: [
        Resource {
            resource: test://root,
            content_type: "CatalogSpec",
            content: ".. binary ..",
        },
        Resource {
            resource: test://root?ptr=/collections/test/schema,
            content_type: "JsonSchema",
            content: ".. binary ..",
        },
    ],
    schema_docs: [
        SchemaDoc {
            schema: test://root?ptr=/collections/test/schema,
            dom: {"additionalProperties":true,"type":"object"},
        },
    ],
    test_steps: [],
    transforms: [],
}
