---
source: crates/models/src/validation/tests/mod.rs
expression: tables.errors
---
[
    Error {
        scope: test://int-reverse#/collections/testing~1int-reverse/derivation/transform/reverseIntString,
        error: must set at least one of 'update' or 'publish' lambdas,
    },
]
