---
source: crates/models/src/validation/tests/mod.rs
expression: visits
---
[]
