---
source: crates/validation/tests/scenario_tests.rs
expression: errors
---
[
    Error {
        scope: test://example/catalog.yaml#/journal_rules/123%20A%20Rule,
        error: journal rule 123 A Rule has a duplicated definition at test://example/int-string#/journal_rules/123%20A%20Rule,
    },
]
