---
source: crates/validation/tests/scenario_tests.rs
expression: errors
---
[
    Error {
        scope: test://example/int-string-materialization#/materializations/testing~1int-string,
        error: driver error while validating materialization testing/int-string
        
        Caused by:
            A driver error!,
    },
]
