---
source: crates/validation/tests/scenario_tests.rs
expression: errors
---
[
    Error {
        scope: test://example/int-string-materialization#/materializations/testing~1int-string,
        error: endpoint MaterializeEndpoit, referenced by materialization testing/int-string, is not defined; did you mean materializeEndpoint defined at test://example/catalog.yaml#/endpoints/materializeEndpoint?,
    },
    Error {
        scope: test://example/int-halve-materialization#/materializations/testing~1int-halve,
        error: endpoint wildlyOffName, referenced by materialization testing/int-halve, is not defined,
    },
]
