---
source: crates/validation/tests/scenario_tests.rs
expression: errors
---
[
    Error {
        scope: test://example/int-string-capture#/captures/testing~1int-string~1pull,
        error: collection testiNg/int-strinK, referenced by capture testing/int-string/pull, is not defined; did you mean testing/int-string defined at test://example/int-string#/collections/testing~1int-string?,
    },
    Error {
        scope: test://example/int-string-capture#/captures/testing~1int-string~1push,
        error: collection wildly/off/name, referenced by capture testing/int-string/push, is not defined,
    },
]
