---
source: crates/validation/tests/scenario_tests.rs
expression: errors
---
[
    Error {
        scope: test://example/int-reverse#/collections/testing~1int-reverse/derivation/transform/reverseIntString,
        error: source schema test://example/int-string.schema is already the schema of testing/int-string and should be omitted here,
    },
    Error {
        scope: test://example/int-reverse#/collections/testing~1int-reverse/derivation/transform/reverseIntString,
        error: transform reverseIntString shuffle key is already the key of testing/int-string and should be omitted here,
    },
]
