---
source: crates/validation/tests/scenario_tests.rs
expression: errors

---
[
    Error {
        scope: test://example/int-string.schema#/$defs/anAnchor,
        error: named schema AnAnchor duplicates named schema AnAnchor, defined at test://example/int-string-len.schema#/$defs/anAnchor,
    },
]
